
> greenpm-frontend@1.0.0 start
> react-scripts start

(node:2838) [DEP0176] DeprecationWarning: fs.F_OK is deprecated, use fs.constants.F_OK instead
(Use `node --trace-deprecation ...` to show where the warning was created)
(node:2838) [DEP_WEBPACK_DEV_SERVER_ON_AFTER_SETUP_MIDDLEWARE] DeprecationWarning: 'onAfterSetupMiddleware' option is deprecated. Please use the 'setupMiddlewares' option.
(node:2838) [DEP_WEBPACK_DEV_SERVER_ON_BEFORE_SETUP_MIDDLEWARE] DeprecationWarning: 'onBeforeSetupMiddleware' option is deprecated. Please use the 'setupMiddlewares' option.
Starting the development server...

Compiled successfully!

You can now view greenpm-frontend in the browser.

  Local:            http://localhost:3000
  On Your Network:  http://192.168.1.209:3000

Note that the development build is not optimized.
To create a production build, use npm run build.

webpack compiled successfully
Files successfully emitted, waiting for typecheck results...
Issues checking in progress...
No issues found.
Compiling...
Compiled with warnings.

[eslint] 
src/components/Properties/PropertyCard.tsx
  Line 46:9:  'getStatusColor' is assigned a value but never used  @typescript-eslint/no-unused-vars

Search for the keywords to learn more about each warning.
To ignore, add // eslint-disable-next-line to the line before.

WARNING in [eslint] 
src/components/Properties/PropertyCard.tsx
  Line 46:9:  'getStatusColor' is assigned a value but never used  @typescript-eslint/no-unused-vars

webpack compiled with 1 warning
No issues found.
Compiling...
Compiled with warnings.

[eslint] 
src/components/Properties/PropertyCard.tsx
  Line 46:9:  'getStatusColor' is assigned a value but never used  @typescript-eslint/no-unused-vars

src/components/Properties/PropertyViewModal.tsx
  Line 3:10:    'Lease' is defined but never used                                                                                                                                                                @typescript-eslint/no-unused-vars
  Line 4:10:    'leaseService' is defined but never used                                                                                                                                                         @typescript-eslint/no-unused-vars
  Line 46:6:    React Hook useEffect has a missing dependency: 'fetchImages'. Either include it or remove the dependency array                                                                                   react-hooks/exhaustive-deps
  Line 63:13:   'response' is assigned a value but never used                                                                                                                                                    @typescript-eslint/no-unused-vars
  Line 393:19:  Redundant alt attribute. Screen-readers already announce `img` tags as an image. You don’t need to use the words `image`, `photo,` or `picture` (or any specified custom words) in the alt prop  jsx-a11y/img-redundant-alt
  Line 463:15:  Redundant alt attribute. Screen-readers already announce `img` tags as an image. You don’t need to use the words `image`, `photo,` or `picture` (or any specified custom words) in the alt prop  jsx-a11y/img-redundant-alt

Search for the keywords to learn more about each warning.
To ignore, add // eslint-disable-next-line to the line before.

WARNING in [eslint] 
src/components/Properties/PropertyCard.tsx
  Line 46:9:  'getStatusColor' is assigned a value but never used  @typescript-eslint/no-unused-vars

src/components/Properties/PropertyViewModal.tsx
  Line 3:10:    'Lease' is defined but never used                                                                                                                                                                @typescript-eslint/no-unused-vars
  Line 4:10:    'leaseService' is defined but never used                                                                                                                                                         @typescript-eslint/no-unused-vars
  Line 46:6:    React Hook useEffect has a missing dependency: 'fetchImages'. Either include it or remove the dependency array                                                                                   react-hooks/exhaustive-deps
  Line 63:13:   'response' is assigned a value but never used                                                                                                                                                    @typescript-eslint/no-unused-vars
  Line 393:19:  Redundant alt attribute. Screen-readers already announce `img` tags as an image. You don’t need to use the words `image`, `photo,` or `picture` (or any specified custom words) in the alt prop  jsx-a11y/img-redundant-alt
  Line 463:15:  Redundant alt attribute. Screen-readers already announce `img` tags as an image. You don’t need to use the words `image`, `photo,` or `picture` (or any specified custom words) in the alt prop  jsx-a11y/img-redundant-alt

webpack compiled with 1 warning
No issues found.
